// Jest Snapshot v1, https://goo.gl/fbAQLP

exports[`LimitOrderHooks #afterSwap gas cost 1`] = `
Object {
  "calldataByteLength": 324,
  "gasUsed": 506798,
}
`;

exports[`LimitOrderHooks #kill gas cost 1`] = `
Object {
  "calldataByteLength": 260,
  "gasUsed": 210040,
}
`;

exports[`LimitOrderHooks bytecode size 1`] = `13098`;
